// Jest Snapshot v1, https://goo.gl/fbAQLP

exports[`Column should render correctly 1`] = `
<div
  className="column"
>
  <h3
    className="column__title"
  >
    title
  </h3>
  <Droppable
    droppableId="1"
    type="TASK"
  >
    <Component />
  </Droppable>
</div>
`;
