// Jest Snapshot v1, https://goo.gl/fbAQLP

exports[`ConfirmModal should render correctly 1`] = `
<Modal
  animation={true}
  autoFocus={true}
  backdrop="static"
  dialogAs={
    Object {
      "$$typeof": Symbol(react.forward_ref),
      "displayName": "ModalDialog",
      "render": [Function],
    }
  }
  enforceFocus={true}
  keyboard={true}
  onHide={[MockFunction]}
  restoreFocus={true}
  show={false}
>
  <ModalBody>
    <div
      className="text-center font-size-20"
    >
      Are you sure?
    </div>
  </ModalBody>
  <ModalFooter
    className="no-border"
  >
    <Buttons
      onHide={[MockFunction]}
    />
  </ModalFooter>
</Modal>
`;
